<?xml version="1.0"?>
<link_info>
   <banner>TMS320C6x Linker PC v7.4.4</banner>
   <copyright>Copyright (c) 1996-2013 Texas Instruments Incorporated</copyright>
   <link_time>0x53596428</link_time>
   <output_file>McCasp_3_27.out</output_file>
   <entry_point>
      <name>_c_int00</name>
      <address>0xc0011c00</address>
   </entry_point>
   <input_file_list>
      <input_file id="fl-2">
         <path>.\</path>
         <kind>object</kind>
         <file>mcaspPlayBk.obj</file>
         <name>mcaspPlayBk.obj</name>
      </input_file>
      <input_file id="fl-3">
         <path>.\</path>
         <kind>object</kind>
         <file>fftstuff.obj</file>
         <name>fftstuff.obj</name>
      </input_file>
      <input_file id="fl-4">
         <path>.\</path>
         <kind>object</kind>
         <file>codecif.obj</file>
         <name>codecif.obj</name>
      </input_file>
      <input_file id="fl-5">
         <path>.\</path>
         <kind>object</kind>
         <file>aic31.obj</file>
         <name>aic31.obj</name>
      </input_file>
      <input_file id="fl-e">
         <path>C:\Program Files\Texas Instruments\pdk_C6748_2_0_0_0\C6748_StarterWare_1_20_03_03\binary\c674x\cgt_ccs\c6748\drivers\Debug\</path>
         <kind>archive</kind>
         <file>drivers.lib</file>
         <name>psc.obj</name>
      </input_file>
      <input_file id="fl-f">
         <path>C:\Program Files\Texas Instruments\pdk_C6748_2_0_0_0\C6748_StarterWare_1_20_03_03\binary\c674x\cgt_ccs\c6748\drivers\Debug\</path>
         <kind>archive</kind>
         <file>drivers.lib</file>
         <name>mcasp.obj</name>
      </input_file>
      <input_file id="fl-10">
         <path>C:\Program Files\Texas Instruments\pdk_C6748_2_0_0_0\C6748_StarterWare_1_20_03_03\binary\c674x\cgt_ccs\c6748\drivers\Debug\</path>
         <kind>archive</kind>
         <file>drivers.lib</file>
         <name>i2c.obj</name>
      </input_file>
      <input_file id="fl-11">
         <path>C:\Program Files\Texas Instruments\pdk_C6748_2_0_0_0\C6748_StarterWare_1_20_03_03\binary\c674x\cgt_ccs\c6748\drivers\Debug\</path>
         <kind>archive</kind>
         <file>drivers.lib</file>
         <name>edma.obj</name>
      </input_file>
      <input_file id="fl-12">
         <path>C:\Program Files\Texas Instruments\c674x-dsplib_1_03_00_01\lib\</path>
         <kind>archive</kind>
         <file>dsplib674x_elf.lib</file>
         <name>DSPF_sp_cfftr2_dit.obj</name>
      </input_file>
      <input_file id="fl-13">
         <path>C:\Program Files\Texas Instruments\c674x-dsplib_1_03_00_01\lib\</path>
         <kind>archive</kind>
         <file>dsplib674x_elf.lib</file>
         <name>DSPF_sp_icfftr2_dif.obj</name>
      </input_file>
      <input_file id="fl-14">
         <path>C:\Program Files\Texas Instruments\pdk_C6748_2_0_0_0\C6748_StarterWare_1_20_03_03\binary\c674x\cgt_ccs\c6748\lcdkC6748\platform\Debug\</path>
         <kind>archive</kind>
         <file>platform.lib</file>
         <name>mcasp.obj</name>
      </input_file>
      <input_file id="fl-15">
         <path>C:\Program Files\Texas Instruments\pdk_C6748_2_0_0_0\C6748_StarterWare_1_20_03_03\binary\c674x\cgt_ccs\c6748\lcdkC6748\platform\Debug\</path>
         <kind>archive</kind>
         <file>platform.lib</file>
         <name>i2c.obj</name>
      </input_file>
      <input_file id="fl-16">
         <path>C:\Program Files\Texas Instruments\pdk_C6748_2_0_0_0\C6748_StarterWare_1_20_03_03\binary\c674x\cgt_ccs\c6748\lcdkC6748\platform\Debug\</path>
         <kind>archive</kind>
         <file>platform.lib</file>
         <name>edma.obj</name>
      </input_file>
      <input_file id="fl-17">
         <path>C:\Program Files\Texas Instruments\pdk_C6748_2_0_0_0\C6748_StarterWare_1_20_03_03\binary\c674x\cgt_ccs\c6748\system_config\Debug\</path>
         <kind>archive</kind>
         <file>system_config.lib</file>
         <name>interrupt.obj</name>
      </input_file>
      <input_file id="fl-18">
         <path>C:\Program Files\Texas Instruments\pdk_C6748_2_0_0_0\C6748_StarterWare_1_20_03_03\binary\c674x\cgt_ccs\c6748\system_config\Debug\</path>
         <kind>archive</kind>
         <file>system_config.lib</file>
         <name>intvecs.obj</name>
      </input_file>
      <input_file id="fl-90">
         <path>C:\ti\ccsv5\tools\compiler\c6000_7.4.4\lib\</path>
         <kind>archive</kind>
         <file>rts6740_elf.lib</file>
         <name>atan.obj</name>
      </input_file>
      <input_file id="fl-91">
         <path>C:\ti\ccsv5\tools\compiler\c6000_7.4.4\lib\</path>
         <kind>archive</kind>
         <file>rts6740_elf.lib</file>
         <name>boot.obj</name>
      </input_file>
      <input_file id="fl-92">
         <path>C:\ti\ccsv5\tools\compiler\c6000_7.4.4\lib\</path>
         <kind>archive</kind>
         <file>rts6740_elf.lib</file>
         <name>copy_decompress_none.obj</name>
      </input_file>
      <input_file id="fl-93">
         <path>C:\ti\ccsv5\tools\compiler\c6000_7.4.4\lib\</path>
         <kind>archive</kind>
         <file>rts6740_elf.lib</file>
         <name>copy_decompress_rle.obj</name>
      </input_file>
      <input_file id="fl-94">
         <path>C:\ti\ccsv5\tools\compiler\c6000_7.4.4\lib\</path>
         <kind>archive</kind>
         <file>rts6740_elf.lib</file>
         <name>copy_zero_init.obj</name>
      </input_file>
      <input_file id="fl-95">
         <path>C:\ti\ccsv5\tools\compiler\c6000_7.4.4\lib\</path>
         <kind>archive</kind>
         <file>rts6740_elf.lib</file>
         <name>cos.obj</name>
      </input_file>
      <input_file id="fl-96">
         <path>C:\ti\ccsv5\tools\compiler\c6000_7.4.4\lib\</path>
         <kind>archive</kind>
         <file>rts6740_elf.lib</file>
         <name>divd.obj</name>
      </input_file>
      <input_file id="fl-97">
         <path>C:\ti\ccsv5\tools\compiler\c6000_7.4.4\lib\</path>
         <kind>archive</kind>
         <file>rts6740_elf.lib</file>
         <name>divf.obj</name>
      </input_file>
      <input_file id="fl-98">
         <path>C:\ti\ccsv5\tools\compiler\c6000_7.4.4\lib\</path>
         <kind>archive</kind>
         <file>rts6740_elf.lib</file>
         <name>divu.obj</name>
      </input_file>
      <input_file id="fl-99">
         <path>C:\ti\ccsv5\tools\compiler\c6000_7.4.4\lib\</path>
         <kind>archive</kind>
         <file>rts6740_elf.lib</file>
         <name>exit.obj</name>
      </input_file>
      <input_file id="fl-9a">
         <path>C:\ti\ccsv5\tools\compiler\c6000_7.4.4\lib\</path>
         <kind>archive</kind>
         <file>rts6740_elf.lib</file>
         <name>frcmpyd_div.obj</name>
      </input_file>
      <input_file id="fl-9b">
         <path>C:\ti\ccsv5\tools\compiler\c6000_7.4.4\lib\</path>
         <kind>archive</kind>
         <file>rts6740_elf.lib</file>
         <name>llshift.obj</name>
      </input_file>
      <input_file id="fl-9c">
         <path>C:\ti\ccsv5\tools\compiler\c6000_7.4.4\lib\</path>
         <kind>archive</kind>
         <file>rts6740_elf.lib</file>
         <name>memcpy64.obj</name>
      </input_file>
      <input_file id="fl-9d">
         <path>C:\ti\ccsv5\tools\compiler\c6000_7.4.4\lib\</path>
         <kind>archive</kind>
         <file>rts6740_elf.lib</file>
         <name>memory.obj</name>
      </input_file>
      <input_file id="fl-9e">
         <path>C:\ti\ccsv5\tools\compiler\c6000_7.4.4\lib\</path>
         <kind>archive</kind>
         <file>rts6740_elf.lib</file>
         <name>memset.obj</name>
      </input_file>
      <input_file id="fl-9f">
         <path>C:\ti\ccsv5\tools\compiler\c6000_7.4.4\lib\</path>
         <kind>archive</kind>
         <file>rts6740_elf.lib</file>
         <name>modf.obj</name>
      </input_file>
      <input_file id="fl-a0">
         <path>C:\ti\ccsv5\tools\compiler\c6000_7.4.4\lib\</path>
         <kind>archive</kind>
         <file>rts6740_elf.lib</file>
         <name>printf.obj</name>
      </input_file>
      <input_file id="fl-a1">
         <path>C:\ti\ccsv5\tools\compiler\c6000_7.4.4\lib\</path>
         <kind>archive</kind>
         <file>rts6740_elf.lib</file>
         <name>remu.obj</name>
      </input_file>
      <input_file id="fl-a2">
         <path>C:\ti\ccsv5\tools\compiler\c6000_7.4.4\lib\</path>
         <kind>archive</kind>
         <file>rts6740_elf.lib</file>
         <name>round.obj</name>
      </input_file>
      <input_file id="fl-a3">
         <path>C:\ti\ccsv5\tools\compiler\c6000_7.4.4\lib\</path>
         <kind>archive</kind>
         <file>rts6740_elf.lib</file>
         <name>sin.obj</name>
      </input_file>
      <input_file id="fl-a4">
         <path>C:\ti\ccsv5\tools\compiler\c6000_7.4.4\lib\</path>
         <kind>archive</kind>
         <file>rts6740_elf.lib</file>
         <name>trunc.obj</name>
      </input_file>
      <input_file id="fl-a5">
         <path>C:\ti\ccsv5\tools\compiler\c6000_7.4.4\lib\</path>
         <kind>archive</kind>
         <file>rts6740_elf.lib</file>
         <name>_lock.obj</name>
      </input_file>
      <input_file id="fl-a6">
         <path>C:\ti\ccsv5\tools\compiler\c6000_7.4.4\lib\</path>
         <kind>archive</kind>
         <file>rts6740_elf.lib</file>
         <name>_printfi.obj</name>
      </input_file>
      <input_file id="fl-a7">
         <path>C:\ti\ccsv5\tools\compiler\c6000_7.4.4\lib\</path>
         <kind>archive</kind>
         <file>rts6740_elf.lib</file>
         <name>args_main.obj</name>
      </input_file>
      <input_file id="fl-a8">
         <path>C:\ti\ccsv5\tools\compiler\c6000_7.4.4\lib\</path>
         <kind>archive</kind>
         <file>rts6740_elf.lib</file>
         <name>atoi.obj</name>
      </input_file>
      <input_file id="fl-a9">
         <path>C:\ti\ccsv5\tools\compiler\c6000_7.4.4\lib\</path>
         <kind>archive</kind>
         <file>rts6740_elf.lib</file>
         <name>autoinit.obj</name>
      </input_file>
      <input_file id="fl-aa">
         <path>C:\ti\ccsv5\tools\compiler\c6000_7.4.4\lib\</path>
         <kind>archive</kind>
         <file>rts6740_elf.lib</file>
         <name>cpp_init.obj</name>
      </input_file>
      <input_file id="fl-ab">
         <path>C:\ti\ccsv5\tools\compiler\c6000_7.4.4\lib\</path>
         <kind>archive</kind>
         <file>rts6740_elf.lib</file>
         <name>cpy_tbl.obj</name>
      </input_file>
      <input_file id="fl-ac">
         <path>C:\ti\ccsv5\tools\compiler\c6000_7.4.4\lib\</path>
         <kind>archive</kind>
         <file>rts6740_elf.lib</file>
         <name>ctype.obj</name>
      </input_file>
      <input_file id="fl-ad">
         <path>C:\ti\ccsv5\tools\compiler\c6000_7.4.4\lib\</path>
         <kind>archive</kind>
         <file>rts6740_elf.lib</file>
         <name>defs.obj</name>
      </input_file>
      <input_file id="fl-ae">
         <path>C:\ti\ccsv5\tools\compiler\c6000_7.4.4\lib\</path>
         <kind>archive</kind>
         <file>rts6740_elf.lib</file>
         <name>fputc.obj</name>
      </input_file>
      <input_file id="fl-af">
         <path>C:\ti\ccsv5\tools\compiler\c6000_7.4.4\lib\</path>
         <kind>archive</kind>
         <file>rts6740_elf.lib</file>
         <name>fputs.obj</name>
      </input_file>
      <input_file id="fl-b0">
         <path>C:\ti\ccsv5\tools\compiler\c6000_7.4.4\lib\</path>
         <kind>archive</kind>
         <file>rts6740_elf.lib</file>
         <name>imath40.obj</name>
      </input_file>
      <input_file id="fl-b1">
         <path>C:\ti\ccsv5\tools\compiler\c6000_7.4.4\lib\</path>
         <kind>archive</kind>
         <file>rts6740_elf.lib</file>
         <name>imath64.obj</name>
      </input_file>
      <input_file id="fl-b2">
         <path>C:\ti\ccsv5\tools\compiler\c6000_7.4.4\lib\</path>
         <kind>archive</kind>
         <file>rts6740_elf.lib</file>
         <name>isinf.obj</name>
      </input_file>
      <input_file id="fl-b3">
         <path>C:\ti\ccsv5\tools\compiler\c6000_7.4.4\lib\</path>
         <kind>archive</kind>
         <file>rts6740_elf.lib</file>
         <name>lowlev.obj</name>
      </input_file>
      <input_file id="fl-b4">
         <path>C:\ti\ccsv5\tools\compiler\c6000_7.4.4\lib\</path>
         <kind>archive</kind>
         <file>rts6740_elf.lib</file>
         <name>ltoa.obj</name>
      </input_file>
      <input_file id="fl-b5">
         <path>C:\ti\ccsv5\tools\compiler\c6000_7.4.4\lib\</path>
         <kind>archive</kind>
         <file>rts6740_elf.lib</file>
         <name>memccpy.obj</name>
      </input_file>
      <input_file id="fl-b6">
         <path>C:\ti\ccsv5\tools\compiler\c6000_7.4.4\lib\</path>
         <kind>archive</kind>
         <file>rts6740_elf.lib</file>
         <name>negll.obj</name>
      </input_file>
      <input_file id="fl-b7">
         <path>C:\ti\ccsv5\tools\compiler\c6000_7.4.4\lib\</path>
         <kind>archive</kind>
         <file>rts6740_elf.lib</file>
         <name>tls.obj</name>
      </input_file>
      <input_file id="fl-b8">
         <path>C:\ti\ccsv5\tools\compiler\c6000_7.4.4\lib\</path>
         <kind>archive</kind>
         <file>rts6740_elf.lib</file>
         <name>tls_get_tp.obj</name>
      </input_file>
      <input_file id="fl-b9">
         <path>C:\ti\ccsv5\tools\compiler\c6000_7.4.4\lib\</path>
         <kind>archive</kind>
         <file>rts6740_elf.lib</file>
         <name>trgdrv.obj</name>
      </input_file>
      <input_file id="fl-ba">
         <path>C:\ti\ccsv5\tools\compiler\c6000_7.4.4\lib\</path>
         <kind>archive</kind>
         <file>rts6740_elf.lib</file>
         <name>trgmsg.obj</name>
      </input_file>
      <input_file id="fl-bb">
         <path>C:\ti\ccsv5\tools\compiler\c6000_7.4.4\lib\</path>
         <kind>archive</kind>
         <file>rts6740_elf.lib</file>
         <name>_io_perm.obj</name>
      </input_file>
      <input_file id="fl-bc">
         <path>C:\ti\ccsv5\tools\compiler\c6000_7.4.4\lib\</path>
         <kind>archive</kind>
         <file>rts6740_elf.lib</file>
         <name>abs.obj</name>
      </input_file>
      <input_file id="fl-bd">
         <path>C:\ti\ccsv5\tools\compiler\c6000_7.4.4\lib\</path>
         <kind>archive</kind>
         <file>rts6740_elf.lib</file>
         <name>fflush.obj</name>
      </input_file>
      <input_file id="fl-be">
         <path>C:\ti\ccsv5\tools\compiler\c6000_7.4.4\lib\</path>
         <kind>archive</kind>
         <file>rts6740_elf.lib</file>
         <name>fseek.obj</name>
      </input_file>
      <input_file id="fl-bf">
         <path>C:\ti\ccsv5\tools\compiler\c6000_7.4.4\lib\</path>
         <kind>archive</kind>
         <file>rts6740_elf.lib</file>
         <name>setvbuf.obj</name>
      </input_file>
      <input_file id="fl-c0">
         <path>C:\ti\ccsv5\tools\compiler\c6000_7.4.4\lib\</path>
         <kind>archive</kind>
         <file>rts6740_elf.lib</file>
         <name>fopen.obj</name>
      </input_file>
      <input_file id="fl-c1">
         <path>C:\ti\ccsv5\tools\compiler\c6000_7.4.4\lib\</path>
         <kind>archive</kind>
         <file>rts6740_elf.lib</file>
         <name>fclose.obj</name>
      </input_file>
      <input_file id="fl-c2">
         <path>C:\ti\ccsv5\tools\compiler\c6000_7.4.4\lib\</path>
         <kind>archive</kind>
         <file>rts6740_elf.lib</file>
         <name>remove.obj</name>
      </input_file>
   </input_file_list>
   <object_component_list>
      <object_component id="oc-3cf">
         <name>.cinit..fardata.load</name>
         <load_address>0xc0011a3c</load_address>
         <run_address>0xc0011a3c</run_address>
         <size>0x146</size>
      </object_component>
      <object_component id="oc-3cc">
         <name>.cinit..neardata.load</name>
         <load_address>0xc0011b84</load_address>
         <run_address>0xc0011b84</run_address>
         <size>0x11</size>
      </object_component>
      <object_component id="oc-3ca">
         <name>__TI_handler_table</name>
         <load_address>0xc0011b98</load_address>
         <run_address>0xc0011b98</run_address>
         <size>0xc</size>
      </object_component>
      <object_component id="oc-3ce">
         <name>.cinit..far.load</name>
         <load_address>0xc0011ba4</load_address>
         <run_address>0xc0011ba4</run_address>
         <size>0xb</size>
      </object_component>
      <object_component id="oc-3cd">
         <name>.cinit..bss.load</name>
         <load_address>0xc0011bb0</load_address>
         <run_address>0xc0011bb0</run_address>
         <size>0x8</size>
      </object_component>
      <object_component id="oc-3cb">
         <name>__TI_cinit_table</name>
         <load_address>0xc0011bb8</load_address>
         <run_address>0xc0011bb8</run_address>
         <size>0x20</size>
      </object_component>
      <object_component id="oc-2a2">
         <name>.const:.string:_ctypes_</name>
         <load_address>0xc00116c0</load_address>
         <run_address>0xc00116c0</run_address>
         <size>0x101</size>
         <input_file_ref idref="fl-ac"/>
      </object_component>
      <object_component id="oc-119">
         <name>.const:$P$T0$1</name>
         <load_address>0xc00117c8</load_address>
         <run_address>0xc00117c8</run_address>
         <size>0x80</size>
         <input_file_ref idref="fl-2"/>
      </object_component>
      <object_component id="oc-10f">
         <name>.const</name>
         <load_address>0xc0011848</load_address>
         <run_address>0xc0011848</run_address>
         <size>0x40</size>
         <input_file_ref idref="fl-2"/>
      </object_component>
      <object_component id="oc-11b">
         <name>.const:.string</name>
         <load_address>0xc0011888</load_address>
         <run_address>0xc0011888</run_address>
         <size>0x28</size>
         <input_file_ref idref="fl-2"/>
      </object_component>
      <object_component id="oc-279">
         <name>.const:.string</name>
         <load_address>0xc00118b0</load_address>
         <run_address>0xc00118b0</run_address>
         <size>0x23</size>
         <input_file_ref idref="fl-a6"/>
      </object_component>
      <object_component id="oc-111">
         <name>.const:rxBufPtr</name>
         <load_address>0xc00118d8</load_address>
         <run_address>0xc00118d8</run_address>
         <size>0xc</size>
         <input_file_ref idref="fl-2"/>
      </object_component>
      <object_component id="oc-115">
         <name>.const:txBufPtr</name>
         <load_address>0xc00118e8</load_address>
         <run_address>0xc00118e8</run_address>
         <size>0xc</size>
         <input_file_ref idref="fl-2"/>
      </object_component>
      <object_component id="oc-2a">
         <name>.text:retain</name>
         <load_address>0xc0000000</load_address>
         <run_address>0xc0000000</run_address>
         <size>0x1a40</size>
         <input_file_ref idref="fl-17"/>
      </object_component>
      <object_component id="oc-cf">
         <name>.text</name>
         <load_address>0xc0001a40</load_address>
         <run_address>0xc0001a40</run_address>
         <size>0x17c0</size>
         <input_file_ref idref="fl-11"/>
      </object_component>
      <object_component id="oc-75">
         <name>.text</name>
         <load_address>0xc0003200</load_address>
         <run_address>0xc0003200</run_address>
         <size>0x14a0</size>
         <input_file_ref idref="fl-2"/>
      </object_component>
      <object_component id="oc-df">
         <name>.text</name>
         <load_address>0xc00046a0</load_address>
         <run_address>0xc00046a0</run_address>
         <size>0x1260</size>
         <input_file_ref idref="fl-f"/>
      </object_component>
      <object_component id="oc-e6">
         <name>.text</name>
         <load_address>0xc0005900</load_address>
         <run_address>0xc0005900</run_address>
         <size>0x5e0</size>
         <input_file_ref idref="fl-17"/>
      </object_component>
      <object_component id="oc-2bb">
         <name>.text:_getarg_diouxp</name>
         <load_address>0xc0005ee0</load_address>
         <run_address>0xc0005ee0</run_address>
         <size>0x5c0</size>
         <input_file_ref idref="fl-a6"/>
      </object_component>
      <object_component id="oc-158">
         <name>.text:__c6xabi_divd</name>
         <load_address>0xc00064a0</load_address>
         <run_address>0xc00064a0</run_address>
         <size>0x5a0</size>
         <input_file_ref idref="fl-96"/>
      </object_component>
      <object_component id="oc-c5">
         <name>.text:hand</name>
         <load_address>0xc0006a40</load_address>
         <run_address>0xc0006a40</run_address>
         <size>0x500</size>
         <input_file_ref idref="fl-13"/>
      </object_component>
      <object_component id="oc-1ab">
         <name>.text</name>
         <load_address>0xc0006f40</load_address>
         <run_address>0xc0006f40</run_address>
         <size>0x4c0</size>
         <input_file_ref idref="fl-10"/>
      </object_component>
      <object_component id="oc-bb">
         <name>.text:hand</name>
         <load_address>0xc0007400</load_address>
         <run_address>0xc0007400</run_address>
         <size>0x480</size>
         <input_file_ref idref="fl-12"/>
      </object_component>
      <object_component id="oc-197">
         <name>.text:_printfi</name>
         <load_address>0xc0007880</load_address>
         <run_address>0xc0007880</run_address>
         <size>0x460</size>
         <input_file_ref idref="fl-a6"/>
      </object_component>
      <object_component id="oc-21a">
         <name>.text:_setfield</name>
         <load_address>0xc0007ce0</load_address>
         <run_address>0xc0007ce0</run_address>
         <size>0x460</size>
         <input_file_ref idref="fl-a6"/>
      </object_component>
      <object_component id="oc-da">
         <name>.text</name>
         <load_address>0xc0008140</load_address>
         <run_address>0xc0008140</run_address>
         <size>0x440</size>
         <input_file_ref idref="fl-5"/>
      </object_component>
      <object_component id="oc-10a">
         <name>.text</name>
         <load_address>0xc0008580</load_address>
         <run_address>0xc0008580</run_address>
         <size>0x420</size>
         <input_file_ref idref="fl-4"/>
      </object_component>
      <object_component id="oc-208">
         <name>.text:fputs</name>
         <load_address>0xc00089a0</load_address>
         <run_address>0xc00089a0</run_address>
         <size>0x3a0</size>
         <input_file_ref idref="fl-af"/>
      </object_component>
      <object_component id="oc-26d">
         <name>.text:_pproc_fge</name>
         <load_address>0xc0008d40</load_address>
         <run_address>0xc0008d40</run_address>
         <size>0x320</size>
         <input_file_ref idref="fl-a6"/>
      </object_component>
      <object_component id="oc-216">
         <name>.text:_pproc_fwp</name>
         <load_address>0xc0009060</load_address>
         <run_address>0xc0009060</run_address>
         <size>0x2e0</size>
         <input_file_ref idref="fl-a6"/>
      </object_component>
      <object_component id="oc-15c">
         <name>.text:cos</name>
         <load_address>0xc0009340</load_address>
         <run_address>0xc0009340</run_address>
         <size>0x2e0</size>
         <input_file_ref idref="fl-95"/>
      </object_component>
      <object_component id="oc-2f3">
         <name>.text:ecvt</name>
         <load_address>0xc0009620</load_address>
         <run_address>0xc0009620</run_address>
         <size>0x2a0</size>
         <input_file_ref idref="fl-a6"/>
      </object_component>
      <object_component id="oc-300">
         <name>.text:fcvt</name>
         <load_address>0xc00098c0</load_address>
         <run_address>0xc00098c0</run_address>
         <size>0x2a0</size>
         <input_file_ref idref="fl-a6"/>
      </object_component>
      <object_component id="oc-cb">
         <name>.text:__c6xabi_divf</name>
         <load_address>0xc0009b60</load_address>
         <run_address>0xc0009b60</run_address>
         <size>0x280</size>
         <input_file_ref idref="fl-97"/>
      </object_component>
      <object_component id="oc-c1">
         <name>.text:free</name>
         <load_address>0xc0009de0</load_address>
         <run_address>0xc0009de0</run_address>
         <size>0x280</size>
         <input_file_ref idref="fl-9d"/>
      </object_component>
      <object_component id="oc-160">
         <name>.text:sin</name>
         <load_address>0xc000a060</load_address>
         <run_address>0xc000a060</run_address>
         <size>0x280</size>
         <input_file_ref idref="fl-a3"/>
      </object_component>
      <object_component id="oc-356">
         <name>.text:__c6xabi_divull</name>
         <load_address>0xc000a2e0</load_address>
         <run_address>0xc000a2e0</run_address>
         <size>0x260</size>
         <input_file_ref idref="fl-b1"/>
      </object_component>
      <object_component id="oc-2b6">
         <name>.text:_pconv_e</name>
         <load_address>0xc000a540</load_address>
         <run_address>0xc000a540</run_address>
         <size>0x260</size>
         <input_file_ref idref="fl-a6"/>
      </object_component>
      <object_component id="oc-271">
         <name>.text:_pproc_diouxp</name>
         <load_address>0xc000a7a0</load_address>
         <run_address>0xc000a7a0</run_address>
         <size>0x240</size>
         <input_file_ref idref="fl-a6"/>
      </object_component>
      <object_component id="oc-b6">
         <name>.text</name>
         <load_address>0xc000a9e0</load_address>
         <run_address>0xc000a9e0</run_address>
         <size>0x240</size>
         <input_file_ref idref="fl-3"/>
      </object_component>
      <object_component id="oc-21e">
         <name>.text:_pproc_str</name>
         <load_address>0xc000ac20</load_address>
         <run_address>0xc000ac20</run_address>
         <size>0x220</size>
         <input_file_ref idref="fl-a6"/>
      </object_component>
      <object_component id="oc-20d">
         <name>.text:fputc</name>
         <load_address>0xc000ae40</load_address>
         <run_address>0xc000ae40</run_address>
         <size>0x220</size>
         <input_file_ref idref="fl-ae"/>
      </object_component>
      <object_component id="oc-2ae">
         <name>.text:_pconv_g</name>
         <load_address>0xc000b060</load_address>
         <run_address>0xc000b060</run_address>
         <size>0x200</size>
         <input_file_ref idref="fl-a6"/>
      </object_component>
      <object_component id="oc-28d">
         <name>.text:setvbuf</name>
         <load_address>0xc000b260</load_address>
         <run_address>0xc000b260</run_address>
         <size>0x200</size>
         <input_file_ref idref="fl-bf"/>
      </object_component>
      <object_component id="oc-2fb">
         <name>.text:_mcpy</name>
         <load_address>0xc000b460</load_address>
         <run_address>0xc000b460</run_address>
         <size>0x1c0</size>
         <input_file_ref idref="fl-a6"/>
      </object_component>
      <object_component id="oc-352">
         <name>.text:__c6xabi_divul</name>
         <load_address>0xc000b620</load_address>
         <run_address>0xc000b620</run_address>
         <size>0x1a0</size>
         <input_file_ref idref="fl-b0"/>
      </object_component>
      <object_component id="oc-1e2">
         <name>.text:__c6xabi_frcmpyd_div</name>
         <load_address>0xc000b7c0</load_address>
         <run_address>0xc000b7c0</run_address>
         <size>0x40</size>
         <input_file_ref idref="fl-9a"/>
      </object_component>
      <object_component id="oc-15">
         <name>.text</name>
         <load_address>0xc000b800</load_address>
         <run_address>0xc000b800</run_address>
         <size>0x200</size>
         <input_file_ref idref="fl-18"/>
      </object_component>
      <object_component id="oc-154">
         <name>.text:atan</name>
         <load_address>0xc000ba00</load_address>
         <run_address>0xc000ba00</run_address>
         <size>0x1a0</size>
         <input_file_ref idref="fl-90"/>
      </object_component>
      <object_component id="oc-341">
         <name>.text:HOSTrename</name>
         <load_address>0xc000bba0</load_address>
         <run_address>0xc000bba0</run_address>
         <size>0x180</size>
         <input_file_ref idref="fl-b9"/>
      </object_component>
      <object_component id="oc-52">
         <name>.text:__TI_decompress_rle_core</name>
         <load_address>0xc000bd20</load_address>
         <run_address>0xc000bd20</run_address>
         <size>0x180</size>
         <input_file_ref idref="fl-93"/>
      </object_component>
      <object_component id="oc-b2">
         <name>.text:malloc</name>
         <load_address>0xc000bea0</load_address>
         <run_address>0xc000bea0</run_address>
         <size>0x180</size>
         <input_file_ref idref="fl-9d"/>
      </object_component>
      <object_component id="oc-212">
         <name>.text:_pproc_fflags</name>
         <load_address>0xc000c020</load_address>
         <run_address>0xc000c020</run_address>
         <size>0x140</size>
         <input_file_ref idref="fl-a6"/>
      </object_component>
      <object_component id="oc-103">
         <name>.text</name>
         <load_address>0xc000c160</load_address>
         <run_address>0xc000c160</run_address>
         <size>0x140</size>
         <input_file_ref idref="fl-e"/>
      </object_component>
      <object_component id="oc-388">
         <name>.text:getdevice</name>
         <load_address>0xc000c2a0</load_address>
         <run_address>0xc000c2a0</run_address>
         <size>0x140</size>
         <input_file_ref idref="fl-b3"/>
      </object_component>
      <object_component id="oc-322">
         <name>.text:_closefile</name>
         <load_address>0xc000c3e0</load_address>
         <run_address>0xc000c3e0</run_address>
         <size>0x120</size>
         <input_file_ref idref="fl-c1"/>
      </object_component>
      <object_component id="oc-2c3">
         <name>.text:_ltostr</name>
         <load_address>0xc000c500</load_address>
         <run_address>0xc000c500</run_address>
         <size>0x120</size>
         <input_file_ref idref="fl-a6"/>
      </object_component>
      <object_component id="oc-289">
         <name>.text:fseek</name>
         <load_address>0xc000c620</load_address>
         <run_address>0xc000c620</run_address>
         <size>0x120</size>
         <input_file_ref idref="fl-be"/>
      </object_component>
      <object_component id="oc-339">
         <name>.text:HOSTlseek</name>
         <load_address>0xc000c740</load_address>
         <run_address>0xc000c740</run_address>
         <size>0x100</size>
         <input_file_ref idref="fl-b9"/>
      </object_component>
      <object_component id="oc-35">
         <name>.text:_auto_init_elf</name>
         <load_address>0xc000c840</load_address>
         <run_address>0xc000c840</run_address>
         <size>0x100</size>
         <input_file_ref idref="fl-a9"/>
      </object_component>
      <object_component id="oc-257">
         <name>.text:_wrt_ok</name>
         <load_address>0xc000c940</load_address>
         <run_address>0xc000c940</run_address>
         <size>0x100</size>
         <input_file_ref idref="fl-bb"/>
      </object_component>
      <object_component id="oc-68">
         <name>.text:copy_in</name>
         <load_address>0xc000ca40</load_address>
         <run_address>0xc000ca40</run_address>
         <size>0x100</size>
         <input_file_ref idref="fl-ab"/>
      </object_component>
      <object_component id="oc-329">
         <name>.text:HOSTopen</name>
         <load_address>0xc000cb40</load_address>
         <run_address>0xc000cb40</run_address>
         <size>0xe0</size>
         <input_file_ref idref="fl-b9"/>
      </object_component>
      <object_component id="oc-268">
         <name>.text:atoi</name>
         <load_address>0xc000cc20</load_address>
         <run_address>0xc000cc20</run_address>
         <size>0xe0</size>
         <input_file_ref idref="fl-a8"/>
      </object_component>
      <object_component id="oc-35d">
         <name>.text:close</name>
         <load_address>0xc000cd00</load_address>
         <run_address>0xc000cd00</run_address>
         <size>0xe0</size>
         <input_file_ref idref="fl-b3"/>
      </object_component>
      <object_component id="oc-22">
         <name>.text:decompress:ZI:__TI_zero_init</name>
         <load_address>0xc000cde0</load_address>
         <run_address>0xc000cde0</run_address>
         <size>0xe0</size>
         <input_file_ref idref="fl-94"/>
      </object_component>
      <object_component id="oc-349">
         <name>.text:ltoa</name>
         <load_address>0xc000cec0</load_address>
         <run_address>0xc000cec0</run_address>
         <size>0xe0</size>
         <input_file_ref idref="fl-b4"/>
      </object_component>
      <object_component id="oc-ed">
         <name>.text:memset</name>
         <load_address>0xc000cfa0</load_address>
         <run_address>0xc000cfa0</run_address>
         <size>0xe0</size>
         <input_file_ref idref="fl-9e"/>
      </object_component>
      <object_component id="oc-f1">
         <name>.text:printf</name>
         <load_address>0xc000d080</load_address>
         <run_address>0xc000d080</run_address>
         <size>0xe0</size>
         <input_file_ref idref="fl-a0"/>
      </object_component>
      <object_component id="oc-331">
         <name>.text:HOSTread</name>
         <load_address>0xc000d160</load_address>
         <run_address>0xc000d160</run_address>
         <size>0xc0</size>
         <input_file_ref idref="fl-b9"/>
      </object_component>
      <object_component id="oc-33d">
         <name>.text:HOSTunlink</name>
         <load_address>0xc000d220</load_address>
         <run_address>0xc000d220</run_address>
         <size>0xc0</size>
         <input_file_ref idref="fl-b9"/>
      </object_component>
      <object_component id="oc-335">
         <name>.text:HOSTwrite</name>
         <load_address>0xc000d2e0</load_address>
         <run_address>0xc000d2e0</run_address>
         <size>0xc0</size>
         <input_file_ref idref="fl-b9"/>
      </object_component>
      <object_component id="oc-237">
         <name>.text:__divu</name>
         <load_address>0xc000d3a0</load_address>
         <run_address>0xc000d3a0</run_address>
         <size>0xc0</size>
         <input_file_ref idref="fl-98"/>
      </object_component>
      <object_component id="oc-316">
         <name>.text:_div</name>
         <load_address>0xc000d460</load_address>
         <run_address>0xc000d460</run_address>
         <size>0xc0</size>
         <input_file_ref idref="fl-a6"/>
      </object_component>
      <object_component id="oc-25b">
         <name>.text:_doflush</name>
         <load_address>0xc000d520</load_address>
         <run_address>0xc000d520</run_address>
         <size>0xc0</size>
         <input_file_ref idref="fl-bd"/>
      </object_component>
      <object_component id="oc-3d">
         <name>.text:exit</name>
         <load_address>0xc000d5e0</load_address>
         <run_address>0xc000d5e0</run_address>
         <size>0xc0</size>
         <input_file_ref idref="fl-99"/>
      </object_component>
      <object_component id="oc-6c">
         <name>.text:tls:init:__TI_tls_init</name>
         <load_address>0xc000d6a0</load_address>
         <run_address>0xc000d6a0</run_address>
         <size>0xc0</size>
         <input_file_ref idref="fl-b7"/>
      </object_component>
      <object_component id="oc-32d">
         <name>.text:HOSTclose</name>
         <load_address>0xc000d760</load_address>
         <run_address>0xc000d760</run_address>
         <size>0xa0</size>
         <input_file_ref idref="fl-b9"/>
      </object_component>
      <object_component id="oc-1eb">
         <name>.text:__c6xabi_nround</name>
         <load_address>0xc000d800</load_address>
         <run_address>0xc000d800</run_address>
         <size>0xa0</size>
         <input_file_ref idref="fl-a2"/>
      </object_component>
      <object_component id="oc-d6">
         <name>.text:__remu</name>
         <load_address>0xc000d8a0</load_address>
         <run_address>0xc000d8a0</run_address>
         <size>0xa0</size>
         <input_file_ref idref="fl-a1"/>
      </object_component>
      <object_component id="oc-2d2">
         <name>.text:_cleanup</name>
         <load_address>0xc000d940</load_address>
         <run_address>0xc000d940</run_address>
         <size>0xa0</size>
         <input_file_ref idref="fl-c0"/>
      </object_component>
      <object_component id="oc-2f7">
         <name>.text:_ecpy</name>
         <load_address>0xc000d9e0</load_address>
         <run_address>0xc000d9e0</run_address>
         <size>0xa0</size>
         <input_file_ref idref="fl-a6"/>
      </object_component>
      <object_component id="oc-304">
         <name>.text:_fcpy</name>
         <load_address>0xc000da80</load_address>
         <run_address>0xc000da80</run_address>
         <size>0xa0</size>
         <input_file_ref idref="fl-a6"/>
      </object_component>
      <object_component id="oc-147">
         <name>.text:_minit</name>
         <load_address>0xc000db20</load_address>
         <run_address>0xc000db20</run_address>
         <size>0xa0</size>
         <input_file_ref idref="fl-9d"/>
      </object_component>
      <object_component id="oc-2b2">
         <name>.text:_pconv_f</name>
         <load_address>0xc000dbc0</load_address>
         <run_address>0xc000dbc0</run_address>
         <size>0xa0</size>
         <input_file_ref idref="fl-a6"/>
      </object_component>
      <object_component id="oc-39e">
         <name>.text:finddevice</name>
         <load_address>0xc000dc60</load_address>
         <run_address>0xc000dc60</run_address>
         <size>0xa0</size>
         <input_file_ref idref="fl-b3"/>
      </object_component>
      <object_component id="oc-2cc">
         <name>.text:lseek</name>
         <load_address>0xc000dd00</load_address>
         <run_address>0xc000dd00</run_address>
         <size>0xa0</size>
         <input_file_ref idref="fl-b3"/>
      </object_component>
      <object_component id="oc-42">
         <name>.text:memcpy</name>
         <load_address>0xc000dda0</load_address>
         <run_address>0xc000dda0</run_address>
         <size>0xa0</size>
         <input_file_ref idref="fl-9c"/>
      </object_component>
      <object_component id="oc-14f">
         <name>.text:minsert</name>
         <load_address>0xc000de40</load_address>
         <run_address>0xc000de40</run_address>
         <size>0xa0</size>
         <input_file_ref idref="fl-9d"/>
      </object_component>
      <object_component id="oc-1ef">
         <name>.text:modf</name>
         <load_address>0xc000dee0</load_address>
         <run_address>0xc000dee0</run_address>
         <size>0xa0</size>
         <input_file_ref idref="fl-9f"/>
      </object_component>
      <object_component id="oc-14b">
         <name>.text:mremove</name>
         <load_address>0xc000df80</load_address>
         <run_address>0xc000df80</run_address>
         <size>0xa0</size>
         <input_file_ref idref="fl-9d"/>
      </object_component>
      <object_component id="oc-f5">
         <name>.text</name>
         <load_address>0xc000e020</load_address>
         <run_address>0xc000e020</run_address>
         <size>0xa0</size>
         <input_file_ref idref="fl-15"/>
      </object_component>
      <object_component id="oc-25f">
         <name>.text:write</name>
         <load_address>0xc000e0c0</load_address>
         <run_address>0xc000e0c0</run_address>
         <size>0xa0</size>
         <input_file_ref idref="fl-b3"/>
      </object_component>
      <object_component id="oc-37e">
         <name>.text:__c6xabi_llshl</name>
         <load_address>0xc000e160</load_address>
         <run_address>0xc000e160</run_address>
         <size>0x80</size>
         <input_file_ref idref="fl-9b"/>
      </object_component>
      <object_component id="oc-fc">
         <name>.text</name>
         <load_address>0xc000e1e0</load_address>
         <run_address>0xc000e1e0</run_address>
         <size>0x80</size>
         <input_file_ref idref="fl-14"/>
      </object_component>
      <object_component id="oc-36f">
         <name>.text:readmsg</name>
         <load_address>0xc000e260</load_address>
         <run_address>0xc000e260</run_address>
         <size>0x80</size>
         <input_file_ref idref="fl-ba"/>
      </object_component>
      <object_component id="oc-361">
         <name>.text:unlink</name>
         <load_address>0xc000e2e0</load_address>
         <run_address>0xc000e2e0</run_address>
         <size>0x80</size>
         <input_file_ref idref="fl-b3"/>
      </object_component>
      <object_component id="oc-70">
         <name>.text:__TI_cpp_init</name>
         <load_address>0xc000e360</load_address>
         <run_address>0xc000e360</run_address>
         <size>0x60</size>
         <input_file_ref idref="fl-aa"/>
      </object_component>
      <object_component id="oc-382">
         <name>.text:_subcull</name>
         <load_address>0xc000e3c0</load_address>
         <run_address>0xc000e3c0</run_address>
         <size>0x60</size>
         <input_file_ref idref="fl-b1"/>
      </object_component>
      <object_component id="oc-275">
         <name>.text:memccpy</name>
         <load_address>0xc000e420</load_address>
         <run_address>0xc000e420</run_address>
         <size>0x60</size>
         <input_file_ref idref="fl-b5"/>
      </object_component>
      <object_component id="oc-36b">
         <name>.text:writemsg</name>
         <load_address>0xc000e480</load_address>
         <run_address>0xc000e480</run_address>
         <size>0x60</size>
         <input_file_ref idref="fl-ba"/>
      </object_component>
      <object_component id="oc-2aa">
         <name>.text:__c6xabi_isinf</name>
         <load_address>0xc000e4e0</load_address>
         <run_address>0xc000e4e0</run_address>
         <size>0x40</size>
         <input_file_ref idref="fl-b2"/>
      </object_component>
      <object_component id="oc-2a6">
         <name>.text:__c6xabi_isnan</name>
         <load_address>0xc000e520</load_address>
         <run_address>0xc000e520</run_address>
         <size>0x40</size>
         <input_file_ref idref="fl-a6"/>
      </object_component>
      <object_component id="oc-1de">
         <name>.text:__c6xabi_llshru</name>
         <load_address>0xc000e560</load_address>
         <run_address>0xc000e560</run_address>
         <size>0x40</size>
         <input_file_ref idref="fl-9b"/>
      </object_component>
      <object_component id="oc-39">
         <name>.text:_args_main</name>
         <load_address>0xc000e5a0</load_address>
         <run_address>0xc000e5a0</run_address>
         <size>0x40</size>
         <input_file_ref idref="fl-a7"/>
      </object_component>
      <object_component id="oc-2bf">
         <name>.text:__c6xabi_negll</name>
         <load_address>0xc000e5e0</load_address>
         <run_address>0xc000e5e0</run_address>
         <size>0x20</size>
         <input_file_ref idref="fl-b6"/>
      </object_component>
      <object_component id="oc-1e7">
         <name>.text:__c6xabi_trunc</name>
         <load_address>0xc000e600</load_address>
         <run_address>0xc000e600</run_address>
         <size>0x20</size>
         <input_file_ref idref="fl-a4"/>
      </object_component>
      <object_component id="oc-1cf">
         <name>.text:_nop</name>
         <load_address>0xc000e620</load_address>
         <run_address>0xc000e620</run_address>
         <size>0x20</size>
         <input_file_ref idref="fl-a5"/>
      </object_component>
      <object_component id="oc-193">
         <name>.text:_outc</name>
         <load_address>0xc000e640</load_address>
         <run_address>0xc000e640</run_address>
         <size>0x20</size>
         <input_file_ref idref="fl-a0"/>
      </object_component>
      <object_component id="oc-18f">
         <name>.text:_outs</name>
         <load_address>0xc000e660</load_address>
         <run_address>0xc000e660</run_address>
         <size>0x20</size>
         <input_file_ref idref="fl-a0"/>
      </object_component>
      <object_component id="oc-82">
         <name>.text:abort</name>
         <load_address>0xc000e680</load_address>
         <run_address>0xc000e680</run_address>
         <size>0x20</size>
         <input_file_ref idref="fl-99"/>
      </object_component>
      <object_component id="oc-1e">
         <name>.text:decompress:none:__TI_decompress_none</name>
         <load_address>0xc000e6a0</load_address>
         <run_address>0xc000e6a0</run_address>
         <size>0x20</size>
         <input_file_ref idref="fl-92"/>
      </object_component>
      <object_component id="oc-26">
         <name>.text:decompress:rle24:__TI_decompress_rle24</name>
         <load_address>0xc000e6c0</load_address>
         <run_address>0xc000e6c0</run_address>
         <size>0x20</size>
         <input_file_ref idref="fl-93"/>
      </object_component>
      <object_component id="oc-172">
         <name>.text</name>
         <load_address>0xc000e6e0</load_address>
         <run_address>0xc000e6e0</run_address>
         <size>0x20</size>
         <input_file_ref idref="fl-16"/>
      </object_component>
      <object_component id="oc-14">
         <name>.text:_c_int00</name>
         <load_address>0xc0011c00</load_address>
         <run_address>0xc0011c00</run_address>
         <size>0x80</size>
         <input_file_ref idref="fl-91"/>
      </object_component>
      <object_component id="oc-113">
         <name>.neardata</name>
         <load_address>0xc0011a18</load_address>
         <run_address>0xc0011a18</run_address>
         <size>0x14</size>
         <input_file_ref idref="fl-2"/>
      </object_component>
      <object_component id="oc-1a5">
         <name>.neardata</name>
         <load_address>0xc0011a2c</load_address>
         <run_address>0xc0011a2c</run_address>
         <size>0x8</size>
         <input_file_ref idref="fl-4"/>
      </object_component>
      <object_component id="oc-16d">
         <name>.bss</name>
         <uninitialized>true</uninitialized>
         <run_address>0xc0011a38</run_address>
         <size>0x4</size>
         <input_file_ref idref="fl-11"/>
      </object_component>
      <object_component id="oc-1a7">
         <name>.bss</name>
         <uninitialized>true</uninitialized>
         <run_address>0xc0011a34</run_address>
         <size>0x4</size>
         <input_file_ref idref="fl-4"/>
      </object_component>
      <object_component id="oc-5d">
         <name>.far</name>
         <load_address>0xc0010f00</load_address>
         <run_address>0xc0010f00</run_address>
         <size>0x240</size>
         <input_file_ref idref="fl-17"/>
      </object_component>
      <object_component id="oc-117">
         <name>.far</name>
         <load_address>0xc0010700</load_address>
         <run_address>0xc0010700</run_address>
         <size>0x800</size>
         <input_file_ref idref="fl-2"/>
      </object_component>
      <object_component id="oc-1a9">
         <name>.far</name>
         <load_address>0xc0011280</load_address>
         <run_address>0xc0011280</run_address>
         <size>0xc</size>
         <input_file_ref idref="fl-4"/>
      </object_component>
      <object_component id="oc-365">
         <name>.far</name>
         <load_address>0xc0011140</load_address>
         <run_address>0xc0011140</run_address>
         <size>0x140</size>
         <input_file_ref idref="fl-ad"/>
      </object_component>
      <object_component id="oc-369">
         <name>.far</name>
         <load_address>0xc0011290</load_address>
         <run_address>0xc0011290</run_address>
         <size>0x8</size>
         <input_file_ref idref="fl-b9"/>
      </object_component>
      <object_component id="oc-80">
         <name>.fardata</name>
         <load_address>0xc0011698</load_address>
         <run_address>0xc0011698</run_address>
         <size>0xc</size>
         <input_file_ref idref="fl-99"/>
      </object_component>
      <object_component id="oc-143">
         <name>.fardata</name>
         <load_address>0xc00116b0</load_address>
         <run_address>0xc00116b0</run_address>
         <size>0x8</size>
         <input_file_ref idref="fl-a5"/>
      </object_component>
      <object_component id="oc-145">
         <name>.fardata</name>
         <load_address>0xc00116a4</load_address>
         <run_address>0xc00116a4</run_address>
         <size>0xc</size>
         <input_file_ref idref="fl-9d"/>
      </object_component>
      <object_component id="oc-18d">
         <name>.fardata:_ftable</name>
         <load_address>0xc0011298</load_address>
         <run_address>0xc0011298</run_address>
         <size>0x1e0</size>
         <input_file_ref idref="fl-ad"/>
      </object_component>
      <object_component id="oc-1b8">
         <name>.fardata:loopBuf</name>
         <load_address>0xc0011650</load_address>
         <run_address>0xc0011650</run_address>
         <size>0x28</size>
         <input_file_ref idref="fl-2"/>
      </object_component>
      <object_component id="oc-1db">
         <name>.fardata:arctan_consts$1</name>
         <load_address>0xc0011610</load_address>
         <run_address>0xc0011610</run_address>
         <size>0x40</size>
         <input_file_ref idref="fl-90"/>
      </object_component>
      <object_component id="oc-1dc">
         <name>.fardata:A$2</name>
         <load_address>0xc0011678</load_address>
         <run_address>0xc0011678</run_address>
         <size>0x20</size>
         <input_file_ref idref="fl-90"/>
      </object_component>
      <object_component id="oc-1f3">
         <name>.fardata:R$1</name>
         <load_address>0xc0011590</load_address>
         <run_address>0xc0011590</run_address>
         <size>0x40</size>
         <input_file_ref idref="fl-95"/>
      </object_component>
      <object_component id="oc-1f5">
         <name>.fardata:R$1</name>
         <load_address>0xc00115d0</load_address>
         <run_address>0xc00115d0</run_address>
         <size>0x40</size>
         <input_file_ref idref="fl-a3"/>
      </object_component>
      <object_component id="oc-295">
         <name>.fardata:_stream</name>
         <load_address>0xc0011478</load_address>
         <run_address>0xc0011478</run_address>
         <size>0xa0</size>
         <input_file_ref idref="fl-b3"/>
      </object_component>
      <object_component id="oc-2dc">
         <name>.fardata:_device</name>
         <load_address>0xc0011518</load_address>
         <run_address>0xc0011518</run_address>
         <size>0x78</size>
         <input_file_ref idref="fl-b3"/>
      </object_component>
      <object_component id="oc-320">
         <name>.fardata</name>
         <load_address>0xc00116b8</load_address>
         <run_address>0xc00116b8</run_address>
         <size>0x4</size>
         <input_file_ref idref="fl-ad"/>
      </object_component>
      <object_component id="oc-31">
         <name>.stack</name>
         <uninitialized>true</uninitialized>
         <run_address>0xc000e700</run_address>
         <size>0x8</size>
         <input_file_ref idref="fl-91"/>
      </object_component>
      <object_component id="oc-3d0">
         <name>.stack</name>
         <uninitialized>true</uninitialized>
         <run_address>0xc000e700</run_address>
         <size>0x0</size>
      </object_component>
      <object_component id="oc-33">
         <name>.sysmem</name>
         <uninitialized>true</uninitialized>
         <run_address>0xc000f700</run_address>
         <size>0x8</size>
         <input_file_ref idref="fl-9d"/>
      </object_component>
      <object_component id="oc-3d1">
         <name>.sysmem</name>
         <uninitialized>true</uninitialized>
         <run_address>0xc000f700</run_address>
         <size>0x0</size>
      </object_component>
      <object_component id="oc-393">
         <name>.cio</name>
         <uninitialized>true</uninitialized>
         <run_address>0xc00118f8</run_address>
         <size>0x120</size>
         <input_file_ref idref="fl-ba"/>
      </object_component>
      <object_component id="oc-16">
         <name>.debug_info</name>
         <load_address>0x0</load_address>
         <run_address>0x0</run_address>
         <size>0x197</size>
         <input_file_ref idref="fl-18"/>
      </object_component>
      <object_component id="oc-1b">
         <name>.debug_info</name>
         <load_address>0x197</load_address>
         <run_address>0x197</run_address>
         <size>0x110</size>
         <input_file_ref idref="fl-91"/>
      </object_component>
      <object_component id="oc-1f">
         <name>.debug_info</name>
         <load_address>0x2a7</load_address>
         <run_address>0x2a7</run_address>
         <size>0x14f</size>
         <input_file_ref idref="fl-92"/>
      </object_component>
      <object_component id="oc-23">
         <name>.debug_info</name>
         <load_address>0x3f6</load_address>
         <run_address>0x3f6</run_address>
         <size>0x190</size>
         <input_file_ref idref="fl-94"/>
      </object_component>
      <object_component id="oc-27">
         <name>.debug_info</name>
         <load_address>0x586</load_address>
         <run_address>0x586</run_address>
         <size>0x16c</size>
         <input_file_ref idref="fl-93"/>
      </object_component>
      <object_component id="oc-2b">
         <name>.debug_info</name>
         <load_address>0x6f2</load_address>
         <run_address>0x6f2</run_address>
         <size>0x102d</size>
         <input_file_ref idref="fl-17"/>
      </object_component>
      <object_component id="oc-32">
         <name>.debug_info</name>
         <load_address>0x171f</load_address>
         <run_address>0x171f</run_address>
         <size>0xa7</size>
         <input_file_ref idref="fl-91"/>
      </object_component>
      <object_component id="oc-34">
         <name>.debug_info</name>
         <load_address>0x17c6</load_address>
         <run_address>0x17c6</run_address>
         <size>0xb3</size>
         <input_file_ref idref="fl-9d"/>
      </object_component>
      <object_component id="oc-36">
         <name>.debug_info</name>
         <load_address>0x1879</load_address>
         <run_address>0x1879</run_address>
         <size>0x190</size>
         <input_file_ref idref="fl-a9"/>
      </object_component>
      <object_component id="oc-3a">
         <name>.debug_info</name>
         <load_address>0x1a09</load_address>
         <run_address>0x1a09</run_address>
         <size>0xf6</size>
         <input_file_ref idref="fl-a7"/>
      </object_component>
      <object_component id="oc-3e">
         <name>.debug_info</name>
         <load_address>0x1aff</load_address>
         <run_address>0x1aff</run_address>
         <size>0x10c</size>
         <input_file_ref idref="fl-99"/>
      </object_component>
      <object_component id="oc-43">
         <name>.debug_info</name>
         <load_address>0x1c0b</load_address>
         <run_address>0x1c0b</run_address>
         <size>0xd6</size>
         <input_file_ref idref="fl-9c"/>
      </object_component>
      <object_component id="oc-47">
         <name>.debug_info</name>
         <load_address>0x1ce1</load_address>
         <run_address>0x1ce1</run_address>
         <size>0x53</size>
         <input_file_ref idref="fl-92"/>
      </object_component>
      <object_component id="oc-4d">
         <name>.debug_info</name>
         <load_address>0x1d34</load_address>
         <run_address>0x1d34</run_address>
         <size>0x53</size>
         <input_file_ref idref="fl-94"/>
      </object_component>
      <object_component id="oc-53">
         <name>.debug_info</name>
         <load_address>0x1d87</load_address>
         <run_address>0x1d87</run_address>
         <size>0x2f2</size>
         <input_file_ref idref="fl-93"/>
      </object_component>
      <object_component id="oc-57">
         <name>.debug_info</name>
         <load_address>0x2079</load_address>
         <run_address>0x2079</run_address>
         <size>0x1d7</size>
         <input_file_ref idref="fl-93"/>
      </object_component>
      <object_component id="oc-58">
         <name>.debug_info</name>
         <load_address>0x2250</load_address>
         <run_address>0x2250</run_address>
         <size>0x46</size>
         <input_file_ref idref="fl-93"/>
      </object_component>
      <object_component id="oc-5e">
         <name>.debug_info</name>
         <load_address>0x2296</load_address>
         <run_address>0x2296</run_address>
         <size>0x179</size>
         <input_file_ref idref="fl-17"/>
      </object_component>
      <object_component id="oc-64">
         <name>.debug_info</name>
         <load_address>0x240f</load_address>
         <run_address>0x240f</run_address>
         <size>0xfc</size>
         <input_file_ref idref="fl-91"/>
      </object_component>
      <object_component id="oc-67">
         <name>.debug_info</name>
         <load_address>0x250b</load_address>
         <run_address>0x250b</run_address>
         <size>0x16a</size>
         <input_file_ref idref="fl-9d"/>
      </object_component>
      <object_component id="oc-69">
         <name>.debug_info</name>
         <load_address>0x2675</load_address>
         <run_address>0x2675</run_address>
         <size>0x18e</size>
         <input_file_ref idref="fl-ab"/>
      </object_component>
      <object_component id="oc-6d">
         <name>.debug_info</name>
         <load_address>0x2803</load_address>
         <run_address>0x2803</run_address>
         <size>0x164</size>
         <input_file_ref idref="fl-b7"/>
      </object_component>
      <object_component id="oc-71">
         <name>.debug_info</name>
         <load_address>0x2967</load_address>
         <run_address>0x2967</run_address>
         <size>0x15f</size>
         <input_file_ref idref="fl-aa"/>
      </object_component>
      <object_component id="oc-76">
         <name>.debug_info</name>
         <load_address>0x2ac6</load_address>
         <run_address>0x2ac6</run_address>
         <size>0x29cc</size>
         <input_file_ref idref="fl-2"/>
      </object_component>
      <object_component id="oc-7b">
         <name>.debug_info</name>
         <load_address>0x5492</load_address>
         <run_address>0x5492</run_address>
         <size>0x94</size>
         <input_file_ref idref="fl-91"/>
      </object_component>
      <object_component id="oc-81">
         <name>.debug_info</name>
         <load_address>0x5526</load_address>
         <run_address>0x5526</run_address>
         <size>0x127</size>
         <input_file_ref idref="fl-99"/>
      </object_component>
      <object_component id="oc-83">
         <name>.debug_info</name>
         <load_address>0x564d</load_address>
         <run_address>0x564d</run_address>
         <size>0x11e</size>
         <input_file_ref idref="fl-99"/>
      </object_component>
      <object_component id="oc-87">
         <name>.debug_info</name>
         <load_address>0x576b</load_address>
         <run_address>0x576b</run_address>
         <size>0x8d</size>
         <input_file_ref idref="fl-90"/>
      </object_component>
      <object_component id="oc-8d">
         <name>.debug_info</name>
         <load_address>0x57f8</load_address>
         <run_address>0x57f8</run_address>
         <size>0x46</size>
         <input_file_ref idref="fl-92"/>
      </object_component>
      <object_component id="oc-92">
         <name>.debug_info</name>
         <load_address>0x583e</load_address>
         <run_address>0x583e</run_address>
         <size>0xe5</size>
         <input_file_ref idref="fl-92"/>
      </object_component>
      <object_component id="oc-93">
         <name>.debug_info</name>
         <load_address>0x5923</load_address>
         <run_address>0x5923</run_address>
         <size>0x2c</size>
         <input_file_ref idref="fl-93"/>
      </object_component>
      <object_component id="oc-98">
         <name>.debug_info</name>
         <load_address>0x594f</load_address>
         <run_address>0x594f</run_address>
         <size>0x1cd</size>
         <input_file_ref idref="fl-94"/>
      </object_component>
      <object_component id="oc-9c">
         <name>.debug_info</name>
         <load_address>0x5b1c</load_address>
         <run_address>0x5b1c</run_address>
         <size>0x228</size>
         <input_file_ref idref="fl-17"/>
      </object_component>
      <object_component id="oc-a3">
         <name>.debug_info</name>
         <load_address>0x5d44</load_address>
         <run_address>0x5d44</run_address>
         <size>0x110</size>
         <input_file_ref idref="fl-99"/>
      </object_component>
      <object_component id="oc-a8">
         <name>.debug_info</name>
         <load_address>0x5e54</load_address>
         <run_address>0x5e54</run_address>
         <size>0x70</size>
         <input_file_ref idref="fl-9d"/>
      </object_component>
      <object_component id="oc-ae">
         <name>.debug_info</name>
         <load_address>0x5ec4</load_address>
         <run_address>0x5ec4</run_address>
         <size>0x140</size>
         <input_file_ref idref="fl-ab"/>
      </object_component>
      <object_component id="oc-b0">
         <name>.debug_info</name>
         <load_address>0x6004</load_address>
         <run_address>0x6004</run_address>
         <size>0x253</size>
         <input_file_ref idref="fl-b7"/>
      </object_component>
      <object_component id="oc-b3">
         <name>.debug_info</name>
         <load_address>0x6257</load_address>
         <run_address>0x6257</run_address>
         <size>0x196</size>
         <input_file_ref idref="fl-9d"/>
      </object_component>
      <object_component id="oc-b7">
         <name>.debug_info</name>
         <load_address>0x63ed</load_address>
         <run_address>0x63ed</run_address>
         <size>0x387</size>
         <input_file_ref idref="fl-3"/>
      </object_component>
      <object_component id="oc-bc">
         <name>.debug_info</name>
         <load_address>0x6774</load_address>
         <run_address>0x6774</run_address>
         <size>0xf9</size>
         <input_file_ref idref="fl-12"/>
      </object_component>
      <object_component id="oc-c2">
         <name>.debug_info</name>
         <load_address>0x686d</load_address>
         <run_address>0x686d</run_address>
         <size>0x1f9</size>
         <input_file_ref idref="fl-9d"/>
      </object_component>
      <object_component id="oc-c6">
         <name>.debug_info</name>
         <load_address>0x6a66</load_address>
         <run_address>0x6a66</run_address>
         <size>0xfc</size>
         <input_file_ref idref="fl-13"/>
      </object_component>
      <object_component id="oc-cc">
         <name>.debug_info</name>
         <load_address>0x6b62</load_address>
         <run_address>0x6b62</run_address>
         <size>0x11c</size>
         <input_file_ref idref="fl-97"/>
      </object_component>
      <object_component id="oc-d0">
         <name>.debug_info</name>
         <load_address>0x6c7e</load_address>
         <run_address>0x6c7e</run_address>
         <size>0x4328</size>
         <input_file_ref idref="fl-11"/>
      </object_component>
      <object_component id="oc-d7">
         <name>.debug_info</name>
         <load_address>0xafa6</load_address>
         <run_address>0xafa6</run_address>
         <size>0xc9</size>
         <input_file_ref idref="fl-a1"/>
      </object_component>
      <object_component id="oc-db">
         <name>.debug_info</name>
         <load_address>0xb06f</load_address>
         <run_address>0xb06f</run_address>
         <size>0x790</size>
         <input_file_ref idref="fl-5"/>
      </object_component>
      <object_component id="oc-e0">
         <name>.debug_info</name>
         <load_address>0xb7ff</load_address>
         <run_address>0xb7ff</run_address>
         <size>0x5111</size>
         <input_file_ref idref="fl-f"/>
      </object_component>
      <object_component id="oc-e7">
         <name>.debug_info</name>
         <load_address>0x10910</load_address>
         <run_address>0x10910</run_address>
         <size>0x245e</size>
         <input_file_ref idref="fl-17"/>
      </object_component>
      <object_component id="oc-ee">
         <name>.debug_info</name>
         <load_address>0x12d6e</load_address>
         <run_address>0x12d6e</run_address>
         <size>0x163</size>
         <input_file_ref idref="fl-9e"/>
      </object_component>
      <object_component id="oc-f2">
         <name>.debug_info</name>
         <load_address>0x12ed1</load_address>
         <run_address>0x12ed1</run_address>
         <size>0x127</size>
         <input_file_ref idref="fl-a0"/>
      </object_component>
      <object_component id="oc-f6">
         <name>.debug_info</name>
         <load_address>0x12ff8</load_address>
         <run_address>0x12ff8</run_address>
         <size>0x263</size>
         <input_file_ref idref="fl-15"/>
      </object_component>
      <object_component id="oc-fd">
         <name>.debug_info</name>
         <load_address>0x1325b</load_address>
         <run_address>0x1325b</run_address>
         <size>0x22e</size>
         <input_file_ref idref="fl-14"/>
      </object_component>
      <object_component id="oc-104">
         <name>.debug_info</name>
         <load_address>0x13489</load_address>
         <run_address>0x13489</run_address>
         <size>0x4dd</size>
         <input_file_ref idref="fl-e"/>
      </object_component>
      <object_component id="oc-10b">
         <name>.debug_info</name>
         <load_address>0x13966</load_address>
         <run_address>0x13966</run_address>
         <size>0xc29</size>
         <input_file_ref idref="fl-4"/>
      </object_component>
      <object_component id="oc-110">
         <name>.debug_info</name>
         <load_address>0x1458f</load_address>
         <run_address>0x1458f</run_address>
         <size>0xef</size>
         <input_file_ref idref="fl-2"/>
      </object_component>
      <object_component id="oc-112">
         <name>.debug_info</name>
         <load_address>0x1467e</load_address>
         <run_address>0x1467e</run_address>
         <size>0xbd</size>
         <input_file_ref idref="fl-2"/>
      </object_component>
      <object_component id="oc-114">
         <name>.debug_info</name>
         <load_address>0x1473b</load_address>
         <run_address>0x1473b</run_address>
         <size>0x18b</size>
         <input_file_ref idref="fl-2"/>
      </object_component>
      <object_component id="oc-116">
         <name>.debug_info</name>
         <load_address>0x148c6</load_address>
         <run_address>0x148c6</run_address>
         <size>0xbd</size>
         <input_file_ref idref="fl-2"/>
      </object_component>
      <object_component id="oc-118">
         <name>.debug_info</name>
         <load_address>0x14983</load_address>
         <run_address>0x14983</run_address>
         <size>0x207</size>
         <input_file_ref idref="fl-2"/>
      </object_component>
      <object_component id="oc-11a">
         <name>.debug_info</name>
         <load_address>0x14b8a</load_address>
         <run_address>0x14b8a</run_address>
         <size>0xbc</size>
         <input_file_ref idref="fl-2"/>
      </object_component>
      <object_component id="oc-11d">
         <name>.debug_info</name>
         <load_address>0x14c46</load_address>
         <run_address>0x14c46</run_address>
         <size>0x94</size>
         <input_file_ref idref="fl-2"/>
      </object_component>
      <object_component id="oc-122">
         <name>.debug_info</name>
         <load_address>0x14cda</load_address>
         <run_address>0x14cda</run_address>
         <size>0x241</size>
         <input_file_ref idref="fl-2"/>
      </object_component>
      <object_component id="oc-127">
         <name>.debug_info</name>
         <load_address>0x14f1b</load_address>
         <run_address>0x14f1b</run_address>
         <size>0xeb0</size>
         <input_file_ref idref="fl-2"/>
      </object_component>
      <object_component id="oc-12a">
         <name>.debug_info</name>
         <load_address>0x15dcb</load_address>
         <run_address>0x15dcb</run_address>
         <size>0x12b</size>
         <input_file_ref idref="fl-99"/>
      </object_component>
      <object_component id="oc-130">
         <name>.debug_info</name>
         <load_address>0x15ef6</load_address>
         <run_address>0x15ef6</run_address>
         <size>0x8d</size>
         <input_file_ref idref="fl-17"/>
      </object_component>
      <object_component id="oc-135">
         <name>.debug_info</name>
         <load_address>0x15f83</load_address>
         <run_address>0x15f83</run_address>
         <size>0x2c</size>
         <input_file_ref idref="fl-17"/>
      </object_component>
      <object_component id="oc-13c">
         <name>.debug_info</name>
         <load_address>0x15faf</load_address>
         <run_address>0x15faf</run_address>
         <size>0xcd</size>
         <input_file_ref idref="fl-ab"/>
      </object_component>
      <object_component id="oc-144">
         <name>.debug_info</name>
         <load_address>0x1607c</load_address>
         <run_address>0x1607c</run_address>
         <size>0xc5</size>
         <input_file_ref idref="fl-a5"/>
      </object_component>
      <object_component id="oc-146">
         <name>.debug_info</name>
         <load_address>0x16141</load_address>
         <run_address>0x16141</run_address>
         <size>0xfe</size>
         <input_file_ref idref="fl-9d"/>
      </object_component>
      <object_component id="oc-148">
         <name>.debug_info</name>
         <load_address>0x1623f</load_address>
         <run_address>0x1623f</run_address>
         <size>0xf0</size>
         <input_file_ref idref="fl-9d"/>
      </object_component>
      <object_component id="oc-14c">
         <name>.debug_info</name>
         <load_address>0x1632f</load_address>
         <run_address>0x1632f</run_address>
         <size>0x140</size>
         <input_file_ref idref="fl-9d"/>
      </object_component>
      <object_component id="oc-150">
         <name>.debug_info</name>
         <load_address>0x1646f</load_address>
         <run_address>0x1646f</run_address>
         <size>0x140</size>
         <input_file_ref idref="fl-9d"/>
      </object_component>
      <object_component id="oc-155">
         <name>.debug_info</name>
         <load_address>0x165af</load_address>
         <run_address>0x165af</run_address>
         <size>0x16b</size>
         <input_file_ref idref="fl-90"/>
      </object_component>
      <object_component id="oc-159">
         <name>.debug_info</name>
         <load_address>0x1671a</load_address>
         <run_address>0x1671a</run_address>
         <size>0x199</size>
         <input_file_ref idref="fl-96"/>
      </object_component>
      <object_component id="oc-15d">
         <name>.debug_info</name>
         <load_address>0x168b3</load_address>
         <run_address>0x168b3</run_address>
         <size>0x182</size>
         <input_file_ref idref="fl-95"/>
      </object_component>
      <object_component id="oc-161">
         <name>.debug_info</name>
         <load_address>0x16a35</load_address>
         <run_address>0x16a35</run_address>
         <size>0x182</size>
         <input_file_ref idref="fl-a3"/>
      </object_component>
      <object_component id="oc-165">
         <name>.debug_info</name>
         <load_address>0x16bb7</load_address>
         <run_address>0x16bb7</run_address>
         <size>0xf6</size>
         <input_file_ref idref="fl-3"/>
      </object_component>
      <object_component id="oc-166">
         <name>.debug_info</name>
         <load_address>0x16cad</load_address>
         <run_address>0x16cad</run_address>
         <size>0x88</size>
         <input_file_ref idref="fl-3"/>
      </object_component>
      <object_component id="oc-16e">
         <name>.debug_info</name>
         <load_address>0x16d35</load_address>
         <run_address>0x16d35</run_address>
         <size>0x137</size>
         <input_file_ref idref="fl-11"/>
      </object_component>
      <object_component id="oc-173">
         <name>.debug_info</name>
         <load_address>0x16e6c</load_address>
         <run_address>0x16e6c</run_address>
         <size>0x20d</size>
         <input_file_ref idref="fl-16"/>
      </object_component>
      <object_component id="oc-179">
         <name>.debug_info</name>
         <load_address>0x17079</load_address>
         <run_address>0x17079</run_address>
         <size>0x8f</size>
         <input_file_ref idref="fl-11"/>
      </object_component>
      <object_component id="oc-17e">
         <name>.debug_info</name>
         <load_address>0x17108</load_address>
         <run_address>0x17108</run_address>
         <size>0x18d</size>
         <input_file_ref idref="fl-11"/>
      </object_component>
      <object_component id="oc-183">
         <name>.debug_info</name>
         <load_address>0x17295</load_address>
         <run_address>0x17295</run_address>
         <size>0x88</size>
         <input_file_ref idref="fl-e"/>
      </object_component>
      <object_component id="oc-188">
         <name>.debug_info</name>
         <load_address>0x1731d</load_address>
         <run_address>0x1731d</run_address>
         <size>0x123</size>
         <input_file_ref idref="fl-f"/>
      </object_component>
      <object_component id="oc-18c">
         <name>.debug_info</name>
         <load_address>0x17440</load_address>
         <run_address>0x17440</run_address>
         <size>0x1ab</size>
         <input_file_ref idref="fl-9e"/>
      </object_component>
      <object_component id="oc-18e">
         <name>.debug_info</name>
         <load_address>0x175eb</load_address>
         <run_address>0x175eb</run_address>
         <size>0xa9</size>
         <input_file_ref idref="fl-ad"/>
      </object_component>
      <object_component id="oc-190">
         <name>.debug_info</name>
         <load_address>0x17694</load_address>
         <run_address>0x17694</run_address>
         <size>0x10b</size>
         <input_file_ref idref="fl-a0"/>
      </object_component>
      <object_component id="oc-194">
         <name>.debug_info</name>
         <load_address>0x1779f</load_address>
         <run_address>0x1779f</run_address>
         <size>0xfc</size>
         <input_file_ref idref="fl-a0"/>
      </object_component>
      <object_component id="oc-198">
         <name>.debug_info</name>
         <load_address>0x1789b</load_address>
         <run_address>0x1789b</run_address>
         <size>0x418</size>
         <input_file_ref idref="fl-a6"/>
      </object_component>
      <object_component id="oc-19c">
         <name>.debug_info</name>
         <load_address>0x17cb3</load_address>
         <run_address>0x17cb3</run_address>
         <size>0x1e3</size>
         <input_file_ref idref="fl-a0"/>
      </object_component>
      <object_component id="oc-19d">
         <name>.debug_info</name>
         <load_address>0x17e96</load_address>
         <run_address>0x17e96</run_address>
         <size>0x88</size>
         <input_file_ref idref="fl-14"/>
      </object_component>
      <object_component id="oc-1a2">
         <name>.debug_info</name>
         <load_address>0x17f1e</load_address>
         <run_address>0x17f1e</run_address>
         <size>0x112</size>
         <input_file_ref idref="fl-e"/>
      </object_component>
      <object_component id="oc-1a6">
         <name>.debug_info</name>
         <load_address>0x18030</load_address>
         <run_address>0x18030</run_address>
         <size>0xdd</size>
         <input_file_ref idref="fl-4"/>
      </object_component>
      <object_component id="oc-1a8">
         <name>.debug_info</name>
         <load_address>0x1810d</load_address>
         <run_address>0x1810d</run_address>
         <size>0xbc</size>
         <input_file_ref idref="fl-4"/>
      </object_component>
      <object_component id="oc-1aa">
         <name>.debug_info</name>
         <load_address>0x181c9</load_address>
         <run_address>0x181c9</run_address>
         <size>0xbc</size>
         <input_file_ref idref="fl-4"/>
      </object_component>
      <object_component id="oc-1ac">
         <name>.debug_info</name>
         <load_address>0x18285</load_address>
         <run_address>0x18285</run_address>
         <size>0x260a</size>
         <input_file_ref idref="fl-10"/>
      </object_component>
      <object_component id="oc-1b3">
         <name>.debug_info</name>
         <load_address>0x1a88f</load_address>
         <run_address>0x1a88f</run_address>
         <size>0x8d</size>
         <input_file_ref idref="fl-4"/>
      </object_component>
      <object_component id="oc-1b9">
         <name>.debug_info</name>
         <load_address>0x1a91c</load_address>
         <run_address>0x1a91c</run_address>
         <size>0xbb</size>
         <input_file_ref idref="fl-2"/>
      </object_component>
      <object_component id="oc-1c8">
         <name>.debug_info</name>
         <load_address>0x1a9d7</load_address>
         <run_address>0x1a9d7</run_address>
         <size>0xc8</size>
         <input_file_ref idref="fl-2"/>
      </object_component>
      <object_component id="oc-1d0">
         <name>.debug_info</name>
         <load_address>0x1aa9f</load_address>
         <run_address>0x1aa9f</run_address>
         <size>0xd9</size>
         <input_file_ref idref="fl-a5"/>
      </object_component>
      <object_component id="oc-1d5">
         <name>.debug_info</name>
         <load_address>0x1ab78</load_address>
         <run_address>0x1ab78</run_address>
         <size>0x99</size>
         <input_file_ref idref="fl-a5"/>
      </object_component>
      <object_component id="oc-1df">
         <name>.debug_info</name>
         <load_address>0x1ac11</load_address>
[...]
      <symbol id="sm-41b">
         <name>DSPF_sp_icfftr2_dif</name>
         <value>0xc0006a40</value>
         <object_component_ref idref="oc-c5"/>
      </symbol>
      <symbol id="sm-429">
         <name>McASPPinMuxSetup</name>
         <value>0xc000e1e0</value>
         <object_component_ref idref="oc-fc"/>
      </symbol>
      <symbol id="sm-434">
         <name>I2CPinMuxSetup</name>
         <value>0xc000e020</value>
         <object_component_ref idref="oc-f5"/>
      </symbol>
      <symbol id="sm-43d">
         <name>EDMAVersionGet</name>
         <value>0xc000e6e0</value>
         <object_component_ref idref="oc-172"/>
      </symbol>
      <symbol id="sm-4ac">
         <name>IntEventCombineRegister</name>
         <value>0xc0005c58</value>
         <object_component_ref idref="oc-e6"/>
      </symbol>
      <symbol id="sm-4ad">
         <name>IntEventMap</name>
         <value>0xc00059bc</value>
         <object_component_ref idref="oc-e6"/>
      </symbol>
      <symbol id="sm-4ae">
         <name>_c674x_mask_int9_isr</name>
         <value>0xc0000df4</value>
         <object_component_ref idref="oc-2a"/>
      </symbol>
      <symbol id="sm-4af">
         <name>IntUnRegister</name>
         <value>0xc0005994</value>
         <object_component_ref idref="oc-e6"/>
      </symbol>
      <symbol id="sm-4b0">
         <name>IntEnable</name>
         <value>0xc0005c80</value>
         <object_component_ref idref="oc-e6"/>
      </symbol>
      <symbol id="sm-4b1">
         <name>_c674x_mask_int8_isr</name>
         <value>0xc0000c34</value>
         <object_component_ref idref="oc-2a"/>
      </symbol>
      <symbol id="sm-4b2">
         <name>IntGlobalRestore</name>
         <value>0xc0005d20</value>
         <object_component_ref idref="oc-e6"/>
      </symbol>
      <symbol id="sm-4b3">
         <name>_c674x_mask_int11_isr</name>
         <value>0xc0001174</value>
         <object_component_ref idref="oc-2a"/>
      </symbol>
      <symbol id="sm-4b4">
         <name>IntGlobalEnable</name>
         <value>0xc0005cf8</value>
         <object_component_ref idref="oc-e6"/>
      </symbol>
      <symbol id="sm-4b5">
         <name>IntEventClear</name>
         <value>0xc0005a78</value>
         <object_component_ref idref="oc-e6"/>
      </symbol>
      <symbol id="sm-4b6">
         <name>_c674x_mask_int7_isr</name>
         <value>0xc0000a74</value>
         <object_component_ref idref="oc-2a"/>
      </symbol>
      <symbol id="sm-4b7">
         <name>_c674x_mask_int10_isr</name>
         <value>0xc0000fb4</value>
         <object_component_ref idref="oc-2a"/>
      </symbol>
      <symbol id="sm-4b8">
         <name>_c674x_mask_int6_isr</name>
         <value>0xc00008b4</value>
         <object_component_ref idref="oc-2a"/>
      </symbol>
      <symbol id="sm-4b9">
         <name>ExcCombineRemove</name>
         <value>0xc0005da0</value>
         <object_component_ref idref="oc-e6"/>
      </symbol>
      <symbol id="sm-4ba">
         <name>_c674x_mask_int13_isr</name>
         <value>0xc00014f4</value>
         <object_component_ref idref="oc-2a"/>
      </symbol>
      <symbol id="sm-4bb">
         <name>IntDisable</name>
         <value>0xc0005cb0</value>
         <object_component_ref idref="oc-e6"/>
      </symbol>
      <symbol id="sm-4bc">
         <name>IntRegister</name>
         <value>0xc0005970</value>
         <object_component_ref idref="oc-e6"/>
      </symbol>
      <symbol id="sm-4bd">
         <name>ExcCombineAdd</name>
         <value>0xc0005d58</value>
         <object_component_ref idref="oc-e6"/>
      </symbol>
      <symbol id="sm-4be">
         <name>IntGlobalDisable</name>
         <value>0xc0005d0c</value>
         <object_component_ref idref="oc-e6"/>
      </symbol>
      <symbol id="sm-4bf">
         <name>_c674x_rsvd_int3_isr</name>
         <value>0xc0000374</value>
         <object_component_ref idref="oc-2a"/>
      </symbol>
      <symbol id="sm-4c0">
         <name>_c674x_nmi_isr</name>
         <value>0xc0000000</value>
         <object_component_ref idref="oc-2a"/>
      </symbol>
      <symbol id="sm-4c1">
         <name>_c674x_mask_int5_isr</name>
         <value>0xc00006f4</value>
         <object_component_ref idref="oc-2a"/>
      </symbol>
      <symbol id="sm-4c2">
         <name>_c674x_mask_int12_isr</name>
         <value>0xc0001334</value>
         <object_component_ref idref="oc-2a"/>
      </symbol>
      <symbol id="sm-4c3">
         <name>ExcGlobalEnable</name>
         <value>0xc0005d38</value>
         <object_component_ref idref="oc-e6"/>
      </symbol>
      <symbol id="sm-4c4">
         <name>_c674x_rsvd_int2_isr</name>
         <value>0xc00001b4</value>
         <object_component_ref idref="oc-2a"/>
      </symbol>
      <symbol id="sm-4c5">
         <name>_c674x_mask_int4_isr</name>
         <value>0xc0000534</value>
         <object_component_ref idref="oc-2a"/>
      </symbol>
      <symbol id="sm-4c6">
         <name>IntDSPINTCInit</name>
         <value>0xc0005900</value>
         <object_component_ref idref="oc-e6"/>
      </symbol>
      <symbol id="sm-4c7">
         <name>IntEventCombineInit</name>
         <value>0xc0005ab0</value>
         <object_component_ref idref="oc-e6"/>
      </symbol>
      <symbol id="sm-4c8">
         <name>_c674x_mask_int15_isr</name>
         <value>0xc0001874</value>
         <object_component_ref idref="oc-2a"/>
      </symbol>
      <symbol id="sm-4c9">
         <name>IntEventSet</name>
         <value>0xc0005a44</value>
         <object_component_ref idref="oc-e6"/>
      </symbol>
      <symbol id="sm-4ca">
         <name>IntEventCombineAdd</name>
         <value>0xc0005bb4</value>
         <object_component_ref idref="oc-e6"/>
      </symbol>
      <symbol id="sm-4cb">
         <name>_c674x_mask_int14_isr</name>
         <value>0xc00016b4</value>
         <object_component_ref idref="oc-2a"/>
      </symbol>
      <symbol id="sm-4cc">
         <name>IntEventCombineRemove</name>
         <value>0xc0005c08</value>
         <object_component_ref idref="oc-e6"/>
      </symbol>
      <symbol id="sm-4cd">
         <name>IntReset</name>
         <value>0xc0005ce4</value>
         <object_component_ref idref="oc-e6"/>
      </symbol>
      <symbol id="sm-4d5">
         <name>_intcVectorTable</name>
         <value>0xc000b800</value>
         <object_component_ref idref="oc-15"/>
      </symbol>
      <symbol id="sm-4f5">
         <name>atan</name>
         <value>0xc000ba00</value>
         <object_component_ref idref="oc-154"/>
      </symbol>
      <symbol id="sm-50b">
         <name>_c_int00</name>
         <value>0xc0011c00</value>
         <object_component_ref idref="oc-14"/>
      </symbol>
      <symbol id="sm-50c">
         <name>_stack</name>
         <value>0xc000e700</value>
         <object_component_ref idref="oc-31"/>
      </symbol>
      <symbol id="sm-520">
         <name>__TI_decompress_none</name>
         <value>0xc000e6a0</value>
         <object_component_ref idref="oc-1e"/>
      </symbol>
      <symbol id="sm-541">
         <name>__TI_decompress_rle24</name>
         <value>0xc000e6c0</value>
         <object_component_ref idref="oc-26"/>
      </symbol>
      <symbol id="sm-551">
         <name>__TI_zero_init</name>
         <value>0xc000cde0</value>
         <object_component_ref idref="oc-22"/>
      </symbol>
      <symbol id="sm-561">
         <name>cos</name>
         <value>0xc0009340</value>
         <object_component_ref idref="oc-15c"/>
      </symbol>
      <symbol id="sm-570">
         <name>__c6xabi_divd</name>
         <value>0xc00064a0</value>
         <object_component_ref idref="oc-158"/>
      </symbol>
      <symbol id="sm-57d">
         <name>__c6xabi_divf</name>
         <value>0xc0009b60</value>
         <object_component_ref idref="oc-cb"/>
      </symbol>
      <symbol id="sm-585">
         <name>__c6xabi_divu</name>
         <value>0xc000d3a0</value>
         <object_component_ref idref="oc-237"/>
      </symbol>
      <symbol id="sm-586">
         <name>__divu</name>
         <value>0xc000d3a0</value>
         <object_component_ref idref="oc-237"/>
      </symbol>
      <symbol id="sm-5a5">
         <name>C$$EXIT</name>
         <value>0xc000e680</value>
         <object_component_ref idref="oc-82"/>
      </symbol>
      <symbol id="sm-5a6">
         <name>_dtors_ptr</name>
         <value>0xc001169c</value>
         <object_component_ref idref="oc-80"/>
      </symbol>
      <symbol id="sm-5a7">
         <name>abort</name>
         <value>0xc000e680</value>
         <object_component_ref idref="oc-82"/>
      </symbol>
      <symbol id="sm-5a8">
         <name>_cleanup_ptr</name>
         <value>0xc0011698</value>
         <object_component_ref idref="oc-80"/>
      </symbol>
      <symbol id="sm-5a9">
         <name>exit</name>
         <value>0xc000d5e0</value>
         <object_component_ref idref="oc-3d"/>
      </symbol>
      <symbol id="sm-5aa">
         <name>__TI_enable_exit_profile_output</name>
         <value>0xc00116a0</value>
         <object_component_ref idref="oc-80"/>
      </symbol>
      <symbol id="sm-5b1">
         <name>__c6xabi_frcmpyd_div</name>
         <value>0xc000b7c0</value>
         <object_component_ref idref="oc-1e2"/>
      </symbol>
      <symbol id="sm-5d1">
         <name>__c6xabi_llshru</name>
         <value>0xc000e560</value>
         <object_component_ref idref="oc-1de"/>
      </symbol>
      <symbol id="sm-5d2">
         <name>__c6xabi_llshl</name>
         <value>0xc000e160</value>
         <object_component_ref idref="oc-37e"/>
      </symbol>
      <symbol id="sm-5d9">
         <name>memcpy</name>
         <value>0xc000dda0</value>
         <object_component_ref idref="oc-42"/>
      </symbol>
      <symbol id="sm-62a">
         <name>_sys_memory</name>
         <value>0xc000f700</value>
         <object_component_ref idref="oc-33"/>
      </symbol>
      <symbol id="sm-62b">
         <name>free</name>
         <value>0xc0009de0</value>
         <object_component_ref idref="oc-c1"/>
      </symbol>
      <symbol id="sm-62c">
         <name>malloc</name>
         <value>0xc000bea0</value>
         <object_component_ref idref="oc-b2"/>
      </symbol>
      <symbol id="sm-62d">
         <name>_minit</name>
         <value>0xc000db20</value>
         <object_component_ref idref="oc-147"/>
      </symbol>
      <symbol id="sm-638">
         <name>memset</name>
         <value>0xc000cfa0</value>
         <object_component_ref idref="oc-ed"/>
      </symbol>
      <symbol id="sm-644">
         <name>modf</name>
         <value>0xc000dee0</value>
         <object_component_ref idref="oc-1ef"/>
      </symbol>
      <symbol id="sm-664">
         <name>printf</name>
         <value>0xc000d080</value>
         <object_component_ref idref="oc-f1"/>
      </symbol>
      <symbol id="sm-66c">
         <name>__remu</name>
         <value>0xc000d8a0</value>
         <object_component_ref idref="oc-d6"/>
      </symbol>
      <symbol id="sm-66d">
         <name>__c6xabi_remu</name>
         <value>0xc000d8a0</value>
         <object_component_ref idref="oc-d6"/>
      </symbol>
      <symbol id="sm-674">
         <name>__c6xabi_nround</name>
         <value>0xc000d800</value>
         <object_component_ref idref="oc-1eb"/>
      </symbol>
      <symbol id="sm-683">
         <name>sin</name>
         <value>0xc000a060</value>
         <object_component_ref idref="oc-160"/>
      </symbol>
      <symbol id="sm-68a">
         <name>__c6xabi_trunc</name>
         <value>0xc000e600</value>
         <object_component_ref idref="oc-1e7"/>
      </symbol>
      <symbol id="sm-698">
         <name>_nop</name>
         <value>0xc000e620</value>
         <object_component_ref idref="oc-1cf"/>
      </symbol>
      <symbol id="sm-699">
         <name>_lock</name>
         <value>0xc00116b0</value>
         <object_component_ref idref="oc-143"/>
      </symbol>
      <symbol id="sm-69a">
         <name>_unlock</name>
         <value>0xc00116b4</value>
         <object_component_ref idref="oc-143"/>
      </symbol>
      <symbol id="sm-7e0">
         <name>_printfi</name>
         <value>0xc0007880</value>
         <object_component_ref idref="oc-197"/>
      </symbol>
      <symbol id="sm-7e7">
         <name>_args_main</name>
         <value>0xc000e5a0</value>
         <object_component_ref idref="oc-39"/>
      </symbol>
      <symbol id="sm-7f5">
         <name>atoi</name>
         <value>0xc000cc20</value>
         <object_component_ref idref="oc-268"/>
      </symbol>
      <symbol id="sm-801">
         <name>_auto_init_elf</name>
         <value>0xc000c840</value>
         <object_component_ref idref="oc-35"/>
      </symbol>
      <symbol id="sm-80b">
         <name>__TI_cpp_init</name>
         <value>0xc000e360</value>
         <object_component_ref idref="oc-70"/>
      </symbol>
      <symbol id="sm-820">
         <name>copy_in</name>
         <value>0xc000ca40</value>
         <object_component_ref idref="oc-68"/>
      </symbol>
      <symbol id="sm-829">
         <name>_ctypes_</name>
         <value>0xc00116c0</value>
         <object_component_ref idref="oc-2a2"/>
      </symbol>
      <symbol id="sm-83a">
         <name>_tmpnams</name>
         <value>0xc0011140</value>
         <object_component_ref idref="oc-365"/>
      </symbol>
      <symbol id="sm-83b">
         <name>_ftable</name>
         <value>0xc0011298</value>
         <object_component_ref idref="oc-18d"/>
      </symbol>
      <symbol id="sm-83c">
         <name>_ft_end</name>
         <value>0xc00116b8</value>
         <object_component_ref idref="oc-320"/>
      </symbol>
      <symbol id="sm-85c">
         <name>fputc</name>
         <value>0xc000ae40</value>
         <object_component_ref idref="oc-20d"/>
      </symbol>
      <symbol id="sm-87b">
         <name>fputs</name>
         <value>0xc00089a0</value>
         <object_component_ref idref="oc-208"/>
      </symbol>
      <symbol id="sm-884">
         <name>__c6xabi_divul</name>
         <value>0xc000b620</value>
         <object_component_ref idref="oc-352"/>
      </symbol>
      <symbol id="sm-898">
         <name>_subcull</name>
         <value>0xc000e3c0</value>
         <object_component_ref idref="oc-382"/>
      </symbol>
      <symbol id="sm-899">
         <name>__c6xabi_divull</name>
         <value>0xc000a2e0</value>
         <object_component_ref idref="oc-356"/>
      </symbol>
      <symbol id="sm-8a0">
         <name>__c6xabi_isinf</name>
         <value>0xc000e4e0</value>
         <object_component_ref idref="oc-2aa"/>
      </symbol>
      <symbol id="sm-8f4">
         <name>lseek</name>
         <value>0xc000dd00</value>
         <object_component_ref idref="oc-2cc"/>
      </symbol>
      <symbol id="sm-8f5">
         <name>write</name>
         <value>0xc000e0c0</value>
         <object_component_ref idref="oc-25f"/>
      </symbol>
      <symbol id="sm-8f6">
         <name>close</name>
         <value>0xc000cd00</value>
         <object_component_ref idref="oc-35d"/>
      </symbol>
      <symbol id="sm-8f7">
         <name>unlink</name>
         <value>0xc000e2e0</value>
         <object_component_ref idref="oc-361"/>
      </symbol>
      <symbol id="sm-901">
         <name>ltoa</name>
         <value>0xc000cec0</value>
         <object_component_ref idref="oc-349"/>
      </symbol>
      <symbol id="sm-90e">
         <name>memccpy</name>
         <value>0xc000e420</value>
         <object_component_ref idref="oc-275"/>
      </symbol>
      <symbol id="sm-91a">
         <name>__c6xabi_negll</name>
         <value>0xc000e5e0</value>
         <object_component_ref idref="oc-2bf"/>
      </symbol>
      <symbol id="sm-927">
         <name>__TI_tls_init</name>
         <value>0xc000d6a0</value>
         <object_component_ref idref="oc-6c"/>
      </symbol>
      <symbol id="sm-965">
         <name>HOSTrename</name>
         <value>0xc000bba0</value>
         <object_component_ref idref="oc-341"/>
      </symbol>
      <symbol id="sm-966">
         <name>HOSTclose</name>
         <value>0xc000d760</value>
         <object_component_ref idref="oc-32d"/>
      </symbol>
      <symbol id="sm-967">
         <name>HOSTunlink</name>
         <value>0xc000d220</value>
         <object_component_ref idref="oc-33d"/>
      </symbol>
      <symbol id="sm-968">
         <name>HOSTlseek</name>
         <value>0xc000c740</value>
         <object_component_ref idref="oc-339"/>
      </symbol>
      <symbol id="sm-969">
         <name>HOSTopen</name>
         <value>0xc000cb40</value>
         <object_component_ref idref="oc-329"/>
      </symbol>
      <symbol id="sm-96a">
         <name>HOSTwrite</name>
         <value>0xc000d2e0</value>
         <object_component_ref idref="oc-335"/>
      </symbol>
      <symbol id="sm-96b">
         <name>HOSTread</name>
         <value>0xc000d160</value>
         <object_component_ref idref="oc-331"/>
      </symbol>
      <symbol id="sm-980">
         <name>writemsg</name>
         <value>0xc000e480</value>
         <object_component_ref idref="oc-36b"/>
      </symbol>
      <symbol id="sm-981">
         <name>C$$IO$$</name>
         <value>0xc000e4d8</value>
         <object_component_ref idref="oc-36b"/>
      </symbol>
      <symbol id="sm-982">
         <name>__CIOBUF_</name>
         <value>0xc00118f8</value>
         <object_component_ref idref="oc-393"/>
      </symbol>
      <symbol id="sm-983">
         <name>readmsg</name>
         <value>0xc000e260</value>
         <object_component_ref idref="oc-36f"/>
      </symbol>
      <symbol id="sm-992">
         <name>_wrt_ok</name>
         <value>0xc000c940</value>
         <object_component_ref idref="oc-257"/>
      </symbol>
      <symbol id="sm-9a0">
         <name>_doflush</name>
         <value>0xc000d520</value>
         <object_component_ref idref="oc-25b"/>
      </symbol>
      <symbol id="sm-9b1">
         <name>fseek</name>
         <value>0xc000c620</value>
         <object_component_ref idref="oc-289"/>
      </symbol>
      <symbol id="sm-9c7">
         <name>setvbuf</name>
         <value>0xc000b260</value>
         <object_component_ref idref="oc-28d"/>
      </symbol>
      <symbol id="sm-9d2">
         <name>_cleanup</name>
         <value>0xc000d940</value>
         <object_component_ref idref="oc-2d2"/>
      </symbol>
      <symbol id="sm-9e4">
         <name>_closefile</name>
         <value>0xc000c3e0</value>
         <object_component_ref idref="oc-322"/>
      </symbol>
      <symbol id="sm-9e6">
         <name>__TI_STATIC_BASE</name>
         <value>0xc0011a18</value>
      </symbol>
      <symbol id="sm-9e7">
         <name>__TI_args_main</name>
         <value>0x1</value>
      </symbol>
      <symbol id="sm-9e8">
         <name>__TI_INITARRAY_Base</name>
         <value>0x0</value>
      </symbol>
      <symbol id="sm-9e9">
         <name>__TI_INITARRAY_Limit</name>
         <value>0x0</value>
      </symbol>
      <symbol id="sm-9ea">
         <name>__TI_TLS_INIT_Base</name>
         <value>0x0</value>
      </symbol>
      <symbol id="sm-9eb">
         <name>__TI_TLS_INIT_Limit</name>
         <value>0x0</value>
      </symbol>
      <symbol id="sm-9ee">
         <name>remove</name>
         <value>0xc000e2e0</value>
      </symbol>
   </symbol_table>
</link_info>
